// Jest Snapshot v1, https://goo.gl/fbAQLP

exports[`StationTimetable should render correctly 1`] = `
<withRouter(StationTimetable)
  classes={
    Object {
      "root": "withRouter-StationTimetable--root-1 testing",
    }
  }
/>
`;
